@A00778:310:H2YCFDRX2:2:2101:6325:1047 1:N:0:TACCGCTA+NCCTTACG
TNGAGAAGTCCCCCCTGCGGGTGAAGAACTTCGGGATCTGGCTGCGCTATGACTCCCGGAGCGGCACCCACAACATGTACCGGGAATACCGGGACCTGACCACCGCAGGCGCTGTCACCCAGTGCTACCGAGACATGGGTGCCCGGCACCG
+
F#FFFFFFFFFFFFFFFFFFFFFFFFFFF:FFFFFFFFFFFFFFFFFFFFFFFFFFFFFFFF:FFFFFFFFFFFFFFFFFFFFFFFFFFFFFFFFFFFFFFFFFFFFFFFFFF:FFFFFFFFFFFFFFFFFFFFFFFFFFFFFFFFFFFFF
@A00778:310:H2YCFDRX2:2:2101:6741:1047 1:N:0:TACCGCTA+NCCTTACG
GNGGTGTAGAATAAGTGGGAGGCCCCCGGCGCCCCCCCGGTGTCCCCGCGAGGGGCCCGGGGCGGGGTCCGCCCGCCCCCCGGGCCGCCCGGGGAATAACACAAAACAGATAGTTTTTTAAAAGAAACCGCGAAAGGAAGATCACCCAACA
+
F#FFFF:FFFFFFFFFFFFFFFFFFFFFFFFFFFFFFFFFFFFFFFFFFFFFFFFFFFFFFFFFFFFF,F:F:,:,:F:,:,:F,,,:F:,,:,,:,,,,,,,F,,:,,,,,,,FFFFF,F,F,,:,,,,,,,,,,,,:,:,,,,,,,,,:
@A00778:310:H2YCFDRX2:2:2101:13051:1047 1:N:0:TACCGCTA+NCCTTACG
CNTAGAGTCACGTTTTCCAGTTCCCTTCGCAAACTATATTTCTTGGACCGCGAAAGGAAGCTTTACCTATTTCATAGAAGACCTGGAATCCATAACCTCAGAAGGCAATATTATTGATAGAAAATGTGGAAGGATCAGGAAGTTCTTAGAT
+
F#FFFFFFFFFFFFFFFFFFFFFFFFFFFFFFFFFFFFFFFFFFFFF,FFFFFFFFFFFFFFFFFFFFFFFFFFFFF:FFFFFFFFFFFFFFFFFFFFFFFFFFFFF,FFFFFFFFFFF:FFFFFFFFFFFFFFFFFFFF:FFFFFFFFFF
@A00778:310:H2YCFDRX2:2:2101:18349:1047 1:N:0:TACCGCTA+NCCTTACG
ANAAAAAAAAAAAAAAAAAAAAAAAAAAAAAAAAAAAAAAAAAAAAAAAAAAAAAAAAAAAAAAAAAAAAAAAAAAAAAAAAAAAAAAAAAAAAAAAAAAAAAAAAAAAAAAAAAAAAAAAAAAAAAAAAAAAAAAAAAAAAAAAAAAAAA
+
F#FFFFF:FFFFFFFFFFF:FFFFFFFFFFFFFFFFFFFFFFFFFFFFFFFFFFFFFFFFFFFFFFFFFFFFFFFFFFFFFFFFFFFFFFFFFFFFFFFFFFFF:,FFFFFF:FFFFFFFFFFF,FFF,:F:F,FFFFF,FFFFF:FF,FF
@A00778:310:H2YCFDRX2:2:2101:21314:1047 1:N:0:TACCGCTA+NCCTTACG
CNGTGATAATGAAAGCTAAGCCTCGGGCTAATTTCCCCATAGCCGTGGGGTGACTTCCCTGGTCACCAAGGCAGTGCATGCATGTTGGGGTTTCCTTTACCTTTTCTATAAGTTGTACCAAAACATCCACTTAAGTTCTTTGATTTGTACC
+
F#FFFFFFFFFFFFFFFFFFFFFFFFFFFFFFFFFFFFFFFFFFFFFFFFFFFFFFFFFFFFFFFFFF:FFF,F:FFFFFFFFF:FFFFFFFFFFFFFFFFFFFFFFFFFFFFFFFFFFFFFFFFFFFFFFFFFFFF:FFFFFFFFF:FFF
@A00778:310:H2YCFDRX2:2:2101:23285:1047 1:N:0:TACCGCTA+NCCTTACG
TNTTTTTTTTCTTTTTTTTTTTTTTTATTTTTTTTTATTTTTTTTTTTTTTTTTTTTTTTTTATTTTTTTTTTTTATTTTTTTTTTTTTTTTTGTTTTTTTTATATTTAGTTATTTTTTTATTATTTGTTTTTGTTATTTGGGATGTTGTG
+
F#FFFFFFFF,F,FFF:FFFFFFFFF,F,FFFFF,,,F,F,,F:,,FF,F:FFF,FFFFF,,,:F::FFF,FF:F,,:FF,F,:,FFF,FF,F,:F:::FF:,:,:F,,,FF,::F,F,:,F,,,FF,,F,F,,FF,F::,,,,,,:,,F,
@A00778:310:H2YCFDRX2:2:2101:24731:1047 1:N:0:TACCGCTA+ACCTTACG
GNGGCTGTCCCGTATCTCAATAAAGAGAATCTGCTCTCTTAAAAAAAAAAAAAAAAAAAAAAAAAAAAAAAAAAAAAAAAAAAAAAAAAAAAAAAAAAAAAAAAAAAAAAAAAAAAAAAAAAAAAAAAAAAAAAAAAAAAAAAAAAAAAAA
+
F#FFFFFFFFFFFFFFFFFFFFFFFFFFFFFFFFFFFFFFFFFFFFFFFFFFFFFFFFFFFFFFFFFFFFFFFFFFFFFFFFFFFFFFFFFFFFFFFFFFFFFFFFFFFFFFFFFFFFFFFFFFFFFFFFFFFFFFFFFFFFFFFFFFFFF
@A00778:310:H2YCFDRX2:2:2101:2609:1063 1:N:0:TACCGCTA+ACCTTACG
CGCGGTGGCGCGTGCCTGTAGTCCCAGCTACTCGGGAGGCTGAGGGGGGAGGATCGCTTGAGCCCAGGAGTTCTGGGCTGTAGTGCGCTATGCCGATCGGGTGTCCGCACTAAGTTCGGCATCCAAATGGTGACCTCCCGGGAGCGGGGGC
+
::FFF,F:FFF:F,F:,FFFFFF:,FF,FF:F:F,FFF,,FF,F:,:,FF:FF,FF,,::::FFF,::F,FFFFFFFFF,FFFFFFF:FFFFFF,:,F:::F,FF,,FF:,:::,:F:FF:,:,F,F,,F,,F:FFFFFFFF::FFF::F,
@A00778:310:H2YCFDRX2:2:2101:5954:1063 1:N:0:TACCGCTA+ACCTTACG
GCCCGCGCGCCCAGGACGCCTCCTCCCGCTGCTGGCCCGGCCGGCGGCCCTGACTGCGCTGCTGCTGCTGCTGCTGGGCCATGGCGGCGGCGGGCGCGGGGGGGCCCCGGGCCCCGGGGCGGCCGCGGGGGGGGCCGCCGCCAGCGGAAGA
+
FFFFFFFFFFFFFFFFFFFFFFFFFFFFFFFFFFFFFFFFFFFFFFFFFFFFFFFFFFFFFFFFFFFFFFFFFFFFFFFFFFFFFFFFFF,F:F,:,,:FFF,:,,F,,,,::,,,,,,,,,,,F,,F,,,,,,,,F,:,,,,,,,F,:,:
@A00778:310:H2YCFDRX2:2:2101:6334:1063 1:N:0:TACCGCTA+ACCTCACG
GAAAGAGTGAATGGATGAATGAATAATTGGTTTAATGCCTAGTTATGCAACTTGAGTGCTTTTTTTTTTTGCAGAATAATTTTAAGTGTATATATTTTAACTGCACTGGTACATTGAACATGTCAGTGTCGATGCCACTGGACCAACAGAG
+
FFFFFFFFFFFFFFFFFFFFFFFFFFFFFFFFFFFFFFFFFFFFFFFFFFFFFFFFFFFFFFFFFFFFFFFFFFFFFFFFFFFFFFFFFFFFFFFFFFFFFFFFFFFFFFFFFFFFFFFFFFFFFFFFFFFFFFFFFFFFFFFFFFFFFFF
@A00778:310:H2YCFDRX2:2:2101:7473:1063 1:N:0:TACCGCTA+ACCTTACG
TTTTTTTTTTTTTTTTTTTTTTTTTTTTTTTTTTTTTTTTTTTTTTTTTTTTTTTTTTTTTTTTTTTTTTTTTTTTTTTTGTTGTGTTTTTTTGTGGGTTGGTGTTTTTGTGGTTGTGGGGTGGGGGGGGGGGGGGGTGTTGTGGGGGGGG
+
FFF:FFFFFFFFF:FFFF:FFFF:FFFFFFFF:FFFFFF:FFFFFFFFFFF,F:F:F:,F,F:FF,:,:,:,:,,,:,,F,,,,FF,,,,:,,F,,,,:F:,,,,,:,,,,F,,,:,:,F,,F,F,F,::,,,F,:,::,,:,,,,F,,,F
